[[1;34mINFO[m] Scanning for projects...
[[1;34mINFO[m] 
[[1;34mINFO[m] [1m---------------------< [0;36mcom.DigiSchool:digiSchool[0;1m >----------------------[m
[[1;34mINFO[m] [1mBuilding digiSchool 0.0.1-SNAPSHOT[m
[[1;34mINFO[m] [1m--------------------------------[ jar ]---------------------------------[m
[[1;34mINFO[m] 
[[1;34mINFO[m] [1m>>> [0;32mspring-boot-maven-plugin:3.5.9:run[m [1m(default-cli)[0;1m > [0;1mtest-compile[m @ [36mdigiSchool[0;1m >>>[m
[[1;34mINFO[m] 
[[1;34mINFO[m] [1m--- [0;32mmaven-resources-plugin:3.3.1:resources[m [1m(default-resources)[m @ [36mdigiSchool[0;1m ---[m
[[1;34mINFO[m] Copying 4 resources from src/main/resources to target/classes
[[1;34mINFO[m] 
[[1;34mINFO[m] [1m--- [0;32mmaven-compiler-plugin:3.14.1:compile[m [1m(default-compile)[m @ [36mdigiSchool[0;1m ---[m
[[1;34mINFO[m] Nothing to compile - all classes are up to date.
[[1;34mINFO[m] 
[[1;34mINFO[m] [1m--- [0;32mmaven-resources-plugin:3.3.1:testResources[m [1m(default-testResources)[m @ [36mdigiSchool[0;1m ---[m
[[1;34mINFO[m] skip non existing resourceDirectory /home/abdou/Vidéos/Captures vidéo/help digi projet/digischool_backend/src/test/resources
[[1;34mINFO[m] 
[[1;34mINFO[m] [1m--- [0;32mmaven-compiler-plugin:3.14.1:testCompile[m [1m(default-testCompile)[m @ [36mdigiSchool[0;1m ---[m
[[1;34mINFO[m] Nothing to compile - all classes are up to date.
[[1;34mINFO[m] 
[[1;34mINFO[m] [1m<<< [0;32mspring-boot-maven-plugin:3.5.9:run[m [1m(default-cli)[0;1m < [0;1mtest-compile[m @ [36mdigiSchool[0;1m <<<[m
[[1;34mINFO[m] 
[[1;34mINFO[m] 
[[1;34mINFO[m] [1m--- [0;32mspring-boot-maven-plugin:3.5.9:run[m [1m(default-cli)[m @ [36mdigiSchool[0;1m ---[m
[[1;34mINFO[m] Attaching agents: []

  .   ____          _            __ _ _
 /\\ / ___'_ __ _ _(_)_ __  __ _ \ \ \ \
( ( )\___ | '_ | '_| | '_ \/ _` | \ \ \ \
 \\/  ___)| |_)| | | | | || (_| |  ) ) ) )
  '  |____| .__|_| |_|_| |_\__, | / / / /
 =========|_|==============|___/=/_/_/_/

 :: Spring Boot ::                (v3.5.9)

2026-02-25T07:21:40.076+01:00  INFO 26415 --- [digiSchool] [           main] c.d.digiSchool.DigiSchoolApplication     : Starting DigiSchoolApplication using Java 21.0.10 with PID 26415 (/home/abdou/Vidéos/Captures vidéo/help digi projet/digischool_backend/target/classes started by abdou in /home/abdou/Vidéos/Captures vidéo/help digi projet/digischool_backend)
2026-02-25T07:21:40.077+01:00  INFO 26415 --- [digiSchool] [           main] c.d.digiSchool.DigiSchoolApplication     : No active profile set, falling back to 1 default profile: "default"
2026-02-25T07:21:40.912+01:00  INFO 26415 --- [digiSchool] [           main] .s.d.r.c.RepositoryConfigurationDelegate : Multiple Spring Data modules found, entering strict repository configuration mode
2026-02-25T07:21:40.913+01:00  INFO 26415 --- [digiSchool] [           main] .s.d.r.c.RepositoryConfigurationDelegate : Bootstrapping Spring Data JPA repositories in DEFAULT mode.
2026-02-25T07:21:41.091+01:00  INFO 26415 --- [digiSchool] [           main] .s.d.r.c.RepositoryConfigurationDelegate : Finished Spring Data repository scanning in 169 ms. Found 21 JPA repository interfaces.
2026-02-25T07:21:41.108+01:00  INFO 26415 --- [digiSchool] [           main] .s.d.r.c.RepositoryConfigurationDelegate : Multiple Spring Data modules found, entering strict repository configuration mode
2026-02-25T07:21:41.109+01:00  INFO 26415 --- [digiSchool] [           main] .s.d.r.c.RepositoryConfigurationDelegate : Bootstrapping Spring Data Redis repositories in DEFAULT mode.
2026-02-25T07:21:41.125+01:00  INFO 26415 --- [digiSchool] [           main] .RepositoryConfigurationExtensionSupport : Spring Data Redis - Could not safely identify store assignment for repository candidate interface com.digiSchool.digiSchool.academic.organisation.repository.AdresseRepository; If you want this repository to be a Redis repository, consider annotating your entities with one of these annotations: org.springframework.data.redis.core.RedisHash (preferred), or consider extending one of the following types with your repository: org.springframework.data.keyvalue.repository.KeyValueRepository
2026-02-25T07:21:41.127+01:00  INFO 26415 --- [digiSchool] [           main] .RepositoryConfigurationExtensionSupport : Spring Data Redis - Could not safely identify store assignment for repository candidate interface com.digiSchool.digiSchool.academic.organisation.repository.AnneescolaireRepository; If you want this repository to be a Redis repository, consider annotating your entities with one of these annotations: org.springframework.data.redis.core.RedisHash (preferred), or consider extending one of the following types with your repository: org.springframework.data.keyvalue.repository.KeyValueRepository
2026-02-25T07:21:41.128+01:00  INFO 26415 --- [digiSchool] [           main] .RepositoryConfigurationExtensionSupport : Spring Data Redis - Could not safely identify store assignment for repository candidate interface com.digiSchool.digiSchool.academic.organisation.repository.ArrondissementRepository; If you want this repository to be a Redis repository, consider annotating your entities with one of these annotations: org.springframework.data.redis.core.RedisHash (preferred), or consider extending one of the following types with your repository: org.springframework.data.keyvalue.repository.KeyValueRepository
2026-02-25T07:21:41.128+01:00  INFO 26415 --- [digiSchool] [           main] .RepositoryConfigurationExtensionSupport : Spring Data Redis - Could not safely identify store assignment for repository candidate interface com.digiSchool.digiSchool.academic.organisation.repository.ClasseRepository; If you want this repository to be a Redis repository, consider annotating your entities with one of these annotations: org.springframework.data.redis.core.RedisHash (preferred), or consider extending one of the following types with your repository: org.springframework.data.keyvalue.repository.KeyValueRepository
2026-02-25T07:21:41.129+01:00  INFO 26415 --- [digiSchool] [           main] .RepositoryConfigurationExtensionSupport : Spring Data Redis - Could not safely identify store assignment for repository candidate interface com.digiSchool.digiSchool.academic.organisation.repository.DepartementRepository; If you want this repository to be a Redis repository, consider annotating your entities with one of these annotations: org.springframework.data.redis.core.RedisHash (preferred), or consider extending one of the following types with your repository: org.springframework.data.keyvalue.repository.KeyValueRepository
2026-02-25T07:21:41.129+01:00  INFO 26415 --- [digiSchool] [           main] .RepositoryConfigurationExtensionSupport : Spring Data Redis - Could not safely identify store assignment for repository candidate interface com.digiSchool.digiSchool.academic.organisation.repository.EcheanceRepository; If you want this repository to be a Redis repository, consider annotating your entities with one of these annotations: org.springframework.data.redis.core.RedisHash (preferred), or consider extending one of the following types with your repository: org.springframework.data.keyvalue.repository.KeyValueRepository
2026-02-25T07:21:41.129+01:00  INFO 26415 --- [digiSchool] [           main] .RepositoryConfigurationExtensionSupport : Spring Data Redis - Could not safely identify store assignment for repository candidate interface com.digiSchool.digiSchool.academic.organisation.repository.EcoleRepository; If you want this repository to be a Redis repository, consider annotating your entities with one of these annotations: org.springframework.data.redis.core.RedisHash (preferred), or consider extending one of the following types with your repository: org.springframework.data.keyvalue.repository.KeyValueRepository
2026-02-25T07:21:41.130+01:00  INFO 26415 --- [digiSchool] [           main] .RepositoryConfigurationExtensionSupport : Spring Data Redis - Could not safely identify store assignment for repository candidate interface com.digiSchool.digiSchool.academic.organisation.repository.InscriptionRepository; If you want this repository to be a Redis repository, consider annotating your entities with one of these annotations: org.springframework.data.redis.core.RedisHash (preferred), or consider extending one of the following types with your repository: org.springframework.data.keyvalue.repository.KeyValueRepository
2026-02-25T07:21:41.130+01:00  INFO 26415 --- [digiSchool] [           main] .RepositoryConfigurationExtensionSupport : Spring Data Redis - Could not safely identify store assignment for repository candidate interface com.digiSchool.digiSchool.academic.organisation.repository.QuartierRepository; If you want this repository to be a Redis repository, consider annotating your entities with one of these annotations: org.springframework.data.redis.core.RedisHash (preferred), or consider extending one of the following types with your repository: org.springframework.data.keyvalue.repository.KeyValueRepository
2026-02-25T07:21:41.130+01:00  INFO 26415 --- [digiSchool] [           main] .RepositoryConfigurationExtensionSupport : Spring Data Redis - Could not safely identify store assignment for repository candidate interface com.digiSchool.digiSchool.academic.organisation.repository.RegionRepository; If you want this repository to be a Redis repository, consider annotating your entities with one of these annotations: org.springframework.data.redis.core.RedisHash (preferred), or consider extending one of the following types with your repository: org.springframework.data.keyvalue.repository.KeyValueRepository
2026-02-25T07:21:41.131+01:00  INFO 26415 --- [digiSchool] [           main] .RepositoryConfigurationExtensionSupport : Spring Data Redis - Could not safely identify store assignment for repository candidate interface com.digiSchool.digiSchool.academic.organisation.repository.VilleRepository; If you want this repository to be a Redis repository, consider annotating your entities with one of these annotations: org.springframework.data.redis.core.RedisHash (preferred), or consider extending one of the following types with your repository: org.springframework.data.keyvalue.repository.KeyValueRepository
2026-02-25T07:21:41.131+01:00  INFO 26415 --- [digiSchool] [           main] .RepositoryConfigurationExtensionSupport : Spring Data Redis - Could not safely identify store assignment for repository candidate interface com.digiSchool.digiSchool.auth.repository.LoginAttemptRepository; If you want this repository to be a Redis repository, consider annotating your entities with one of these annotations: org.springframework.data.redis.core.RedisHash (preferred), or consider extending one of the following types with your repository: org.springframework.data.keyvalue.repository.KeyValueRepository
2026-02-25T07:21:41.131+01:00  INFO 26415 --- [digiSchool] [           main] .RepositoryConfigurationExtensionSupport : Spring Data Redis - Could not safely identify store assignment for repository candidate interface com.digiSchool.digiSchool.auth.repository.RefreshTokenRepository; If you want this repository to be a Redis repository, consider annotating your entities with one of these annotations: org.springframework.data.redis.core.RedisHash (preferred), or consider extending one of the following types with your repository: org.springframework.data.keyvalue.repository.KeyValueRepository
2026-02-25T07:21:41.131+01:00  INFO 26415 --- [digiSchool] [           main] .RepositoryConfigurationExtensionSupport : Spring Data Redis - Could not safely identify store assignment for repository candidate interface com.digiSchool.digiSchool.auth.repository.UserRepository; If you want this repository to be a Redis repository, consider annotating your entities with one of these annotations: org.springframework.data.redis.core.RedisHash (preferred), or consider extending one of the following types with your repository: org.springframework.data.keyvalue.repository.KeyValueRepository
2026-02-25T07:21:41.131+01:00  INFO 26415 --- [digiSchool] [           main] .RepositoryConfigurationExtensionSupport : Spring Data Redis - Could not safely identify store assignment for repository candidate interface com.digiSchool.digiSchool.notification.repository.NotificationRepository; If you want this repository to be a Redis repository, consider annotating your entities with one of these annotations: org.springframework.data.redis.core.RedisHash (preferred), or consider extending one of the following types with your repository: org.springframework.data.keyvalue.repository.KeyValueRepository
2026-02-25T07:21:41.132+01:00  INFO 26415 --- [digiSchool] [           main] .RepositoryConfigurationExtensionSupport : Spring Data Redis - Could not safely identify store assignment for repository candidate interface com.digiSchool.digiSchool.user.repository.EleveParentHistoryRepository; If you want this repository to be a Redis repository, consider annotating your entities with one of these annotations: org.springframework.data.redis.core.RedisHash (preferred), or consider extending one of the following types with your repository: org.springframework.data.keyvalue.repository.KeyValueRepository
2026-02-25T07:21:41.132+01:00  INFO 26415 --- [digiSchool] [           main] .RepositoryConfigurationExtensionSupport : Spring Data Redis - Could not safely identify store assignment for repository candidate interface com.digiSchool.digiSchool.user.repository.EleveParentRepository; If you want this repository to be a Redis repository, consider annotating your entities with one of these annotations: org.springframework.data.redis.core.RedisHash (preferred), or consider extending one of the following types with your repository: org.springframework.data.keyvalue.repository.KeyValueRepository
2026-02-25T07:21:41.132+01:00  INFO 26415 --- [digiSchool] [           main] .RepositoryConfigurationExtensionSupport : Spring Data Redis - Could not safely identify store assignment for repository candidate interface com.digiSchool.digiSchool.user.repository.EleveRepository; If you want this repository to be a Redis repository, consider annotating your entities with one of these annotations: org.springframework.data.redis.core.RedisHash (preferred), or consider extending one of the following types with your repository: org.springframework.data.keyvalue.repository.KeyValueRepository
2026-02-25T07:21:41.132+01:00  INFO 26415 --- [digiSchool] [           main] .RepositoryConfigurationExtensionSupport : Spring Data Redis - Could not safely identify store assignment for repository candidate interface com.digiSchool.digiSchool.user.repository.EnseignantRepository; If you want this repository to be a Redis repository, consider annotating your entities with one of these annotations: org.springframework.data.redis.core.RedisHash (preferred), or consider extending one of the following types with your repository: org.springframework.data.keyvalue.repository.KeyValueRepository
2026-02-25T07:21:41.132+01:00  INFO 26415 --- [digiSchool] [           main] .RepositoryConfigurationExtensionSupport : Spring Data Redis - Could not safely identify store assignment for repository candidate interface com.digiSchool.digiSchool.user.repository.ParentRepository; If you want this repository to be a Redis repository, consider annotating your entities with one of these annotations: org.springframework.data.redis.core.RedisHash (preferred), or consider extending one of the following types with your repository: org.springframework.data.keyvalue.repository.KeyValueRepository
2026-02-25T07:21:41.132+01:00  INFO 26415 --- [digiSchool] [           main] .RepositoryConfigurationExtensionSupport : Spring Data Redis - Could not safely identify store assignment for repository candidate interface com.digiSchool.digiSchool.user.repository.RoleRepository; If you want this repository to be a Redis repository, consider annotating your entities with one of these annotations: org.springframework.data.redis.core.RedisHash (preferred), or consider extending one of the following types with your repository: org.springframework.data.keyvalue.repository.KeyValueRepository
2026-02-25T07:21:41.133+01:00  INFO 26415 --- [digiSchool] [           main] .s.d.r.c.RepositoryConfigurationDelegate : Finished Spring Data repository scanning in 13 ms. Found 0 Redis repository interfaces.
2026-02-25T07:21:41.924+01:00  INFO 26415 --- [digiSchool] [           main] o.s.b.w.embedded.tomcat.TomcatWebServer  : Tomcat initialized with port 8081 (http)
2026-02-25T07:21:41.943+01:00  INFO 26415 --- [digiSchool] [           main] o.apache.catalina.core.StandardService   : Starting service [Tomcat]
2026-02-25T07:21:41.943+01:00  INFO 26415 --- [digiSchool] [           main] o.apache.catalina.core.StandardEngine    : Starting Servlet engine: [Apache Tomcat/10.1.50]
2026-02-25T07:21:42.027+01:00  INFO 26415 --- [digiSchool] [           main] o.a.c.c.C.[Tomcat].[localhost].[/]       : Initializing Spring embedded WebApplicationContext
2026-02-25T07:21:42.029+01:00  INFO 26415 --- [digiSchool] [           main] w.s.c.ServletWebServerApplicationContext : Root WebApplicationContext: initialization completed in 1913 ms
2026-02-25T07:21:42.387+01:00  INFO 26415 --- [digiSchool] [           main] o.hibernate.jpa.internal.util.LogHelper  : HHH000204: Processing PersistenceUnitInfo [name: default]
2026-02-25T07:21:42.442+01:00  INFO 26415 --- [digiSchool] [           main] org.hibernate.Version                    : HHH000412: Hibernate ORM core version 6.6.39.Final
2026-02-25T07:21:42.473+01:00  INFO 26415 --- [digiSchool] [           main] o.h.c.internal.RegionFactoryInitiator    : HHH000026: Second-level cache disabled
2026-02-25T07:21:42.779+01:00  INFO 26415 --- [digiSchool] [           main] o.s.o.j.p.SpringPersistenceUnitInfo      : No LoadTimeWeaver setup: ignoring JPA class transformer
2026-02-25T07:21:42.806+01:00  INFO 26415 --- [digiSchool] [           main] com.zaxxer.hikari.HikariDataSource       : HikariPool-1 - Starting...
2026-02-25T07:21:46.703+01:00  INFO 26415 --- [digiSchool] [           main] com.zaxxer.hikari.pool.HikariPool        : HikariPool-1 - Added connection com.mysql.cj.jdbc.ConnectionImpl@35c00c
2026-02-25T07:21:46.713+01:00  INFO 26415 --- [digiSchool] [           main] com.zaxxer.hikari.HikariDataSource       : HikariPool-1 - Start completed.
2026-02-25T07:21:47.344+01:00  INFO 26415 --- [digiSchool] [           main] org.hibernate.orm.connections.pooling    : HHH10001005: Database info:
	Database JDBC URL [Connecting through datasource 'HikariDataSource (HikariPool-1)']
	Database driver: undefined/unknown
	Database version: 9.4
	Autocommit mode: undefined/unknown
	Isolation level: undefined/unknown
	Minimum pool size: undefined/unknown
	Maximum pool size: undefined/unknown
2026-02-25T07:21:48.486+01:00  INFO 26415 --- [digiSchool] [           main] o.h.e.t.j.p.i.JtaPlatformInitiator       : HHH000489: No JTA platform available (set 'hibernate.transaction.jta.platform' to enable JTA platform integration)
2026-02-25T07:22:26.423+01:00  INFO 26415 --- [digiSchool] [           main] j.LocalContainerEntityManagerFactoryBean : Initialized JPA EntityManagerFactory for persistence unit 'default'
2026-02-25T07:22:26.751+01:00  INFO 26415 --- [digiSchool] [           main] o.s.d.j.r.query.QueryEnhancerFactory     : Hibernate is in classpath; If applicable, HQL parser will be used.
2026-02-25T07:22:29.362+01:00  WARN 26415 --- [digiSchool] [           main] JpaBaseConfiguration$JpaWebConfiguration : spring.jpa.open-in-view is enabled by default. Therefore, database queries may be performed during view rendering. Explicitly configure spring.jpa.open-in-view to disable this warning
2026-02-25T07:22:29.461+01:00  INFO 26415 --- [digiSchool] [           main] r$InitializeUserDetailsManagerConfigurer : Global AuthenticationManager configured with UserDetailsService bean with name customUserDetailsService
2026-02-25T07:22:30.530+01:00  INFO 26415 --- [digiSchool] [           main] o.s.b.w.embedded.tomcat.TomcatWebServer  : Tomcat started on port 8081 (http) with context path '/'
2026-02-25T07:22:30.538+01:00  INFO 26415 --- [digiSchool] [           main] c.d.digiSchool.DigiSchoolApplication     : Started DigiSchoolApplication in 50.806 seconds (process running for 51.106)

╔══════════════════════════════════════════════════════════════╗
║              DIGISCHOOL - INITIALISATION DES DONNEES         ║
╚══════════════════════════════════════════════════════════════╝

  -> Roles : deja presents, skip
  -> Geographie : deja presente, skip
  -> Ecoles : deja presentes, skip
  -> Annees scolaires : deja presentes, skip
  -> Users : 16 utilisateurs crees
     Comptes de connexion:
     - Admin: admin@digischool.cm / Admin@2025
     - Directeur: smbarga@lavictoire.cm / Directeur@2025
     - Enseignant: jpkamga@lavictoire.cm / Enseignant@2025
     - Secretaire: catangana@lavictoire.cm / Secretaire@2025
     - Parent: fnkoulou@gmail.com / Parent@2025
     - Eleve (Yaounde): elv-ecb-2025-0001@eleve.digischool.cm / Eleve@2025
     - Eleve (Douala): elv-eca-2025-0001@eleve.digischool.cm / Eleve@2025
  -> Classes : deja presentes, skip
  -> Parents : deja presents, skip
  -> Eleves : deja presents, skip
  -> Relations Eleve-Parent : deja presentes, skip

╔══════════════════════════════════════════════════════════════╗
║                    INITIALISATION TERMINEE                   ║
╚══════════════════════════════════════════════════════════════╝


=================================================
   INITIALISATION DES DONNÉES DE TEST
=================================================

• École existe: DIGI-001
• École existe: DIGI-002
• École existe: DIGI-003
  Tenants: DIGI-001, DIGI-002, DIGI-003
• Classe existe: Cours Préparatoire
• Classe existe: Cours Élémentaire 1
• Classe existe: Cours Élémentaire 2
• Classe existe: Cours Moyen 1
• Classe existe: Cours Moyen 2
• Classe existe: 6ème Bilingue
• Classe existe: 5ème Bilingue
• Classe existe: Terminale C
• Utilisateur existe: directeur@digi-001.com
• Utilisateur existe: secretaire@digi-001.com
• Utilisateur existe: enseignant@digi-001.com
• Utilisateur existe: directeur@digi-002.com
• Utilisateur existe: secretaire@digi-002.com
• Utilisateur existe: directeur@digi-003.com
• Utilisateur existe: admin@digischool.com
⚠ Parent ignoré (quartier QBS introuvable): PAR-DIGI-001-677112233
⚠ Parent ignoré (quartier QNL introuvable): PAR-DIGI-001-699554433
⚠ Parent ignoré (quartier QES introuvable): PAR-DIGI-002-688001122
⚠ Parent ignoré (quartier QTD introuvable): PAR-DIGI-003-655778899
✓ Élève créé: Biya Samuel [ELV-DIGI-002-2024-0001] tenant=DIGI-002
✓ Élève créé: Etoa Stéphanie [ELV-DIGI-002-2024-0002] tenant=DIGI-002
✓ Élève créé: Tchouta Rodrigue [ELV-DIGI-003-2024-0001] tenant=DIGI-003
✓ Élève créé: Djeukam Patricia [ELV-DIGI-003-2024-0002] tenant=DIGI-003

=================================================
   INITIALISATION TERMINÉE
=================================================

